// Jest Snapshot v1, https://goo.gl/fbAQLP

exports[`<PostGrid /> should match snapshot 1`] = `
.c6 {
  color: #000000;
  line-height: 1.2;
  font-size: 2.4rem;
  text-transform: none;
}

.c3 {
  text-align: center;
}

.c3 .c5 {
  margin: 0;
  margin-top: .8rem;
  margin-bottom: .8rem;
  -webkit-transition: all 300ms ease-in-out;
  transition: all 300ms ease-in-out;
}

.c3 a {
  -webkit-text-decoration: none;
  text-decoration: none;
}

.c3:hover .c5 {
  color: #DC143C;
}

.c3:hover img {
  opacity: 0.8;
}

.c4 {
  max-width: 100%;
  -webkit-transition: opacity 300ms ease-in-out;
  transition: opacity 300ms ease-in-out;
}

.c0 {
  width: 100%;
  max-width: 120rem;
  margin: 0 auto;
}

.c1 {
  display: grid;
  -webkit-box-pack: center;
  -webkit-justify-content: center;
  -ms-flex-pack: center;
  justify-content: center;
  -webkit-align-items: center;
  -webkit-box-align: center;
  -ms-flex-align: center;
  align-items: center;
  grid-template-columns: repeat(auto-fill,minmax(300px,1fr));
  gap: 3rem;
  padding: 1rem;
}

.c1 .c2 {
  padding: 1rem;
  border: 0.5rem solid #DC143C;
  border-radius: 5%;
  height: 100%;
  -webkit-transition: border-color 300ms ease-in-out;
  transition: border-color 300ms ease-in-out;
}

.c1 .c2:hover {
  border-color: #333333;
}

<div>
  <div
    class="c0"
  >
    <div
      class="c1"
    >
      <div
        class="c2 c3"
      >
        <a
          href="/post/hello-rice"
        >
          <img
            alt="a fox holding a box containing a bottle and ice cubes"
            class="c4"
            src="https://pub-aea127bc483c40dea7b9339692296909.r2.dev/stages_of_rice_milling_8cb950424c.jpeg"
          />
        </a>
        <a
          href="/post/hello-rice"
        >
          <h2
            class="c5 c6"
          >
            Hello, rice!
          </h2>
        </a>
        <p
          class=""
        >
          Rice is a cereal grain and in its domesticated form is the staple food of over half of the world's population, particularly in Asia and Africa. Rice is the seed of the grass species Oryza sativa (Asian rice).
        </p>
      </div>
      <div
        class="c2 c3"
      >
        <a
          href="/post/hello-fox"
        >
          <img
            alt="a fox holding a box containing a bottle and ice cubes"
            class="c4"
            src="https://pub-aea127bc483c40dea7b9339692296909.r2.dev/DALL_E_2024_10_26_12_58_20_A_modern_logo_design_for_Deck_da_Praia_Conveniencia_featuring_a_fox_mascot_representing_cold_beer_delivery_The_fox_should_appear_in_motion_with_sp_fd834176b6.webp"
          />
        </a>
        <a
          href="/post/hello-fox"
        >
          <h2
            class="c5 c6"
          >
            Hello, fox!
          </h2>
        </a>
        <p
          class=""
        >
          Foxes are small-to-medium-sized omnivorous mammals belonging to several genera of the family Canidae.
        </p>
      </div>
      <div
        class="c2 c3"
      >
        <a
          href="/post/hello-bean"
        >
          <img
            alt="a fox holding a box containing a bottle and ice cubes"
            class="c4"
            src="https://pub-aea127bc483c40dea7b9339692296909.r2.dev/how_to_cook_dried_beans_6fb0921283.jpg"
          />
        </a>
        <a
          href="/post/hello-bean"
        >
          <h2
            class="c5 c6"
          >
            Hello, bean!
          </h2>
        </a>
        <p
          class=""
        >
          A bean is the seed of any plant in the legume family (Fabaceae) used as a vegetable for human consumption or animal feed.
        </p>
      </div>
    </div>
  </div>
</div>
`;
